// Jest Snapshot v1, https://goo.gl/fbAQLP

exports[`El component se debe mostrar El componente debe coincidir con el snapshot 1`] = `
<Fragment>
  <h3
    className="animate__animated animate__fadeIn"
  >
     
    GFRIEND
     
  </h3>
  <p
    className="animate__animated animate__flash"
  >
    'Carganding' 
  </p>
  <div
    className="card-grid"
  />
</Fragment>
`;
